[www.panddengineers.in/index.html]
[backblue.gif]
[fade.gif]
[index.html]
[5.imimg.com/data5/HK/HT/MY-4170864/sheet-metal-press-die-500x500.jpg]
[www.panddengineers.in/press-die.html]
[www.panddengineers.in/sheet-metal-components.html]
[www.panddengineers.in/punching-die.html]
[www.panddengineers.in/bending-dies.html]
[www.panddengineers.in/cutting-die.html]
[www.panddengineers.in/press-tools.html]
[www.panddengineers.in/embossing-dies.html]
[www.panddengineers.in/sheet-metal-press-job-work.html]
[www.panddengineers.in/lift-elevator.html]
[www.panddengineers.in/progressive-press-tools.html]
[www.panddengineers.in/chain-link-bottom-parts.html]
[www.panddengineers.in/tool-room-consultancy.html]
[www.panddengineers.in/panddengineers.e.delayed]
[www.panddengineers.in/autotdw_enquiry.php]
[tdw.imimg.com/template-tdw/d0055/dtstyle_35_min.css]
[www.panddengineers.in/p-d-engineers.pdf]
[www.panddengineers.in/about-us.html]
[www.panddengineers.in/corporate-video.html]
[www.panddengineers.in/franchisee.html]
[www.panddengineers.in/metal-dies-and-job-work.html]
[www.panddengineers.in/enquiry.html]
[www.panddengineers.in/sitemap.html]
[www.panddengineers.in/index.html]
[utils.imimg.com/imsrchui/js/jquery.js]
[5.imimg.com/data5/HK/HT/MY-4170864/sheet-metal-press-die-250x250.jpg]
[5.imimg.com/data5/HK/HT/MY-4170864/sheet-metal-press-die-125x125.jpg]
[5.imimg.com/data5/KN/WW/OU/SELLER-4170864/press-tool-die-for-all-sheet-metal-ind--250x250.png]
[5.imimg.com/data5/KN/WW/OU/SELLER-4170864/press-tool-die-for-all-sheet-metal-ind--500x500.png]
[5.imimg.com/data5/KN/WW/OU/SELLER-4170864/press-tool-die-for-all-sheet-metal-ind--125x125.png]
[5.imimg.com/data5/GL/HT/AX/ANDROID-4170864/product-jpeg-250x250.jpg]
[5.imimg.com/data5/GL/HT/AX/ANDROID-4170864/product-jpeg-500x500.jpg]
[5.imimg.com/data5/GL/HT/AX/ANDROID-4170864/product-jpeg-125x125.jpg]
[www.panddengineers.in/press-die.html]
[5.imimg.com/data5/KU/DD/JK/SELLER-4170864/sheet-metal-parts-500x500.png]
[5.imimg.com/data5/KU/DD/JK/SELLER-4170864/sheet-metal-parts-250x250.png]
[5.imimg.com/data5/KU/DD/JK/SELLER-4170864/sheet-metal-parts-125x125.png]
[5.imimg.com/data5/UO/AA/MY-4170864/sheet-metal-bracket-250x250.jpg]
[5.imimg.com/data5/UO/AA/MY-4170864/sheet-metal-bracket-500x500.jpg]
[5.imimg.com/data5/UO/AA/MY-4170864/sheet-metal-bracket-125x125.jpg]
[5.imimg.com/data5/BU/WK/FM/ANDROID-4170864/product-jpeg-250x250.jpg]
[5.imimg.com/data5/BU/WK/FM/ANDROID-4170864/product-jpeg-500x500.jpg]
[5.imimg.com/data5/BU/WK/FM/ANDROID-4170864/product-jpeg-125x125.jpg]
[www.panddengineers.in/sheet-metal-components.html]
[5.imimg.com/data5/UI/AA/MY-4170864/punching-die-500x500.jpg]
[5.imimg.com/data5/UI/AA/MY-4170864/punching-die-250x250.jpg]
[5.imimg.com/data5/UI/AA/MY-4170864/punching-die-125x125.jpg]
[5.imimg.com/data5/SELLER/Default/2021/7/OI/WX/UX/4170864/cutting-dies-250x250.jpg]
[5.imimg.com/data5/SELLER/Default/2021/7/OI/WX/UX/4170864/cutting-dies-500x500.jpg]
[5.imimg.com/data5/SELLER/Default/2021/7/OI/WX/UX/4170864/cutting-dies-125x125.jpg]
[www.panddengineers.in/punching-die.html]
[5.imimg.com/data5/DX/JS/LN/SELLER-4170864/sheet-metal-bending-die-500x500.jpg]
[5.imimg.com/data5/DX/JS/LN/SELLER-4170864/sheet-metal-bending-die-250x250.jpg]
[5.imimg.com/data5/DX/JS/LN/SELLER-4170864/sheet-metal-bending-die-125x125.jpg]
[5.imimg.com/data5/AQ/JV/LY/SELLER-4170864/press-brake-tool-250x250.jpg]
[5.imimg.com/data5/AQ/JV/LY/SELLER-4170864/press-brake-tool-500x500.jpg]
[5.imimg.com/data5/AQ/JV/LY/SELLER-4170864/press-brake-tool-125x125.jpg]
[www.panddengineers.in/bending-dies.html]
[5.imimg.com/data5/NU/VY/QC/SELLER-4170864/sheet-metal-tooling-die-500x500.jpg]
[5.imimg.com/data5/NU/VY/QC/SELLER-4170864/sheet-metal-tooling-die-250x250.jpg]
[5.imimg.com/data5/NU/VY/QC/SELLER-4170864/sheet-metal-tooling-die-125x125.jpg]
[5.imimg.com/data5/JG/MX/FZ/SELLER-4170864/sheet-metal-cutting-die-tool-250x250.jpg]
[5.imimg.com/data5/JG/MX/FZ/SELLER-4170864/sheet-metal-cutting-die-tool-500x500.jpg]
[5.imimg.com/data5/JG/MX/FZ/SELLER-4170864/sheet-metal-cutting-die-tool-125x125.jpg]
[www.panddengineers.in/cutting-die.html]
[5.imimg.com/data5/SL/JJ/PP/SELLER-4170864/press-tool-500x500.jpg]
[5.imimg.com/data5/SL/JJ/PP/SELLER-4170864/press-tool-250x250.jpg]
[5.imimg.com/data5/SL/JJ/PP/SELLER-4170864/press-tool-125x125.jpg]
[www.panddengineers.in/press-tools.html]
[5.imimg.com/data5/TU/MS/VS/SELLER-4170864/sheet-metal-embossing-die-500x500.jpg]
[5.imimg.com/data5/TU/MS/VS/SELLER-4170864/sheet-metal-embossing-die-250x250.jpg]
[5.imimg.com/data5/TU/MS/VS/SELLER-4170864/sheet-metal-embossing-die-125x125.jpg]
[www.panddengineers.in/embossing-dies.html]
[5.imimg.com/data5/DV/DR/YU/SELLER-4170864/sheet-metal-press-job-work-500x500.jpg]
[5.imimg.com/data5/DV/DR/YU/SELLER-4170864/sheet-metal-press-job-work-250x250.jpg]
[5.imimg.com/data5/DV/DR/YU/SELLER-4170864/sheet-metal-press-job-work-125x125.jpg]
[www.panddengineers.in/sheet-metal-press-job-work.html]
[www.panddengineers.in/lift-elevator.html]
[5.imimg.com/data5/SELLER/Default/2021/7/ZC/YH/EW/4170864/progressive-press-tools-500x500.jpg]
[5.imimg.com/data5/SELLER/Default/2021/7/ZC/YH/EW/4170864/progressive-press-tools-250x250.jpg]
[5.imimg.com/data5/SELLER/Default/2021/7/ZC/YH/EW/4170864/progressive-press-tools-125x125.jpg]
[www.panddengineers.in/progressive-press-tools.html]
[5.imimg.com/data5/LL/HO/OU/SELLER-4170864/chain-link-bottom-parts-500x500.jpg]
[5.imimg.com/data5/LL/HO/OU/SELLER-4170864/chain-link-bottom-parts-250x250.jpg]
[5.imimg.com/data5/LL/HO/OU/SELLER-4170864/chain-link-bottom-parts-125x125.jpg]
[www.panddengineers.in/chain-link-bottom-parts.html]
[5.imimg.com/data5/BR/RZ/WC/SELLER-4170864/tool-room-consultancy-500x500.jpg]
[5.imimg.com/data5/BR/RZ/WC/SELLER-4170864/tool-room-consultancy-250x250.jpg]
[5.imimg.com/data5/BR/RZ/WC/SELLER-4170864/tool-room-consultancy-125x125.jpg]
[www.panddengineers.in/tool-room-consultancy.html]
[www.panddengineers.in/panddengineers.html]
[www.panddengineers.in/autotdw_enquiry.html]
[tdw.imimg.com/template-tdw/d0055/dtstyle_35_min.css]
[www.panddengineers.in/pillar-die-set.html]
[www.panddengineers.in/new-items.html]
[www.panddengineers.in/about-us.html]
[www.panddengineers.in/corporate-video.html]
[www.panddengineers.in/franchisee.html]
[www.panddengineers.in/metal-dies-and-job-work.html]
[www.panddengineers.in/enquiry.html]
[tdw.imimg.com/template-tdw/zero.gif]
[www.panddengineers.in/sitemap.html]
[www.panddengineers.in/pillar-die-set.html]
[www.panddengineers.in/new-items.html]
